// Vitest Snapshot v1

exports[`matches snapshot 1`] = `
<DocumentFragment>
  <div
    class="MuiBox-root css-1wcaknn"
  >
    <img
      class="CoinImg"
      data-testid="coin-img"
      src="./src/undefined.png"
    />
  </div>
</DocumentFragment>
`;
